UNCAUGHT EXCEPTION: Error: listen EADDRINUSE: address already in use 0.0.0.0:3000
    at Server.setupListenHandle [as _listen2] (node:net:2008:16)
    at listenInCluster (node:net:2065:12)
    at node:net:2274:7
    at process.processTicksAndRejections (node:internal/process/task_queues:90:21) {
  code: 'EADDRINUSE',
  errno: -4091,
  syscall: 'listen',
  address: '0.0.0.0',
  port: 3000
}
Error: listen EADDRINUSE: address already in use 0.0.0.0:3000
    at Server.setupListenHandle [as _listen2] (node:net:2008:16)
    at listenInCluster (node:net:2065:12)
    at node:net:2274:7
    at process.processTicksAndRejections (node:internal/process/task_queues:90:21)
Process exit event with code: 1
Trace: Exit stack trace
    at process.<anonymous> (D:\occupantkiller\occupantkiller\server.js:300:11)
    at process.emit (node:events:509:28)
    at process.exit (node:internal/process/per_thread:236:15)
    at process.<anonymous> (D:\occupantkiller\occupantkiller\server.js:289:11)
    at process.emit (node:events:509:28)
    at process._fatalException (node:internal/process/execution:159:25)
